../Core/Src/main.c:25:6:delay	16	static
../Core/Src/main.c:28:6:delay_ms	24	static,ignoring_inline_asm
../Core/Src/main.c:33:6:I2C_Start	8	static
../Core/Src/main.c:37:6:I2C_Stop	8	static
../Core/Src/main.c:40:6:I2C_WriteBit	16	static
../Core/Src/main.c:44:9:I2C_ReadBit	16	static
../Core/Src/main.c:50:9:I2C_WriteByte	24	static
../Core/Src/main.c:56:6:LCD_Enable	16	static
../Core/Src/main.c:62:6:LCD_Send4Bits	16	static
../Core/Src/main.c:65:6:LCD_SendCmd	16	static
../Core/Src/main.c:69:6:LCD_SendData	16	static
../Core/Src/main.c:73:6:LCD_Clear	16	static
../Core/Src/main.c:77:6:LCD_Init	8	static
../Core/Src/main.c:86:6:LCD_SetCursor	16	static
../Core/Src/main.c:89:6:LCD_Print	16	static
../Core/Src/main.c:94:6:Display_Mood	8	static
../Core/Src/main.c:99:6:Toggle_Mood	8	static
../Core/Src/main.c:103:6:Log_Event	56	static
../Core/Src/main.c:113:6:Update_Time	4	static
../Core/Src/main.c:124:6:Display_Time	32	static
../Core/Src/main.c:134:6:GPIO_Init	4	static
../Core/Src/main.c:148:5:main	16	static
